{
  "id": "ae_expected",
  "display_name": "Expected to occur",
  "description": "",
  "type": "choices",
  "domain": "expected"
}